Static Trace: arguments for each call
=============================================================
main.cc:16
Arg 1: 4711
Arg 2: 3.14
Arg 3: 42
-------------------------------------------------------------
main.cc:18
Arg 1: 4712
Arg 2: 3.15
Arg 3: 42
Arg 4: 0x12345678
-------------------------------------------------------------
main.cc:20
=============================================================
