AspectOf: non-default aspect instantiation test
===============================================
ID 1: inside A::a(4711, 3.140000)
-----------------------------------------------
ID 2: inside C::c(4, 5)
-----------------------------------------------
ID 1: inside A::a(4712, 2.710000)
===============================================
