A1::before
A2::before
A3Base::around 1
A3Base::around 2
run
A3Base::after
A3::after first
A3::after last
A2::after
A1::after


A3Base::around 1
A3Base::around 2
A1::before
A2::before
run2
A2::after
A1::after
A3Base::after
A3::after first
A3::after last


A2::before
A3Base::around 1
A3Base::around 2
A1::before
run3
A1::after
A3Base::after
A3::after first
A3::after last
A2::after
