
All: void test()
Root (long): void test()
Root (rec,new): void test()
Root (norec,new): void test()

All: void T::test()
Root (rec,new): void T::test()
WCard (rec,new): void T::test()
WCard (norec,new): void T::test()
T (long): void T::test()
T (new): void T::test()

All: void T::testS()
Root (rec,new): void T::testS()
WCard (rec,new): void T::testS()
WCard (norec,new): void T::testS()
T (long): void T::testS()
T (new): void T::testS()

All: void Q::R::test()
Root (rec,new): void Q::R::test()
WCard (rec,new): void Q::R::test()
Q (rec,long): void Q::R::test()
Q (rec,new): void Q::R::test()
Q::R (long): void Q::R::test()
Q::R (new): void Q::R::test()

All: void Q::R::test()
Root (rec,new): void Q::R::test()
WCard (rec,new): void Q::R::test()
Q (rec,long): void Q::R::test()
Q (rec,new): void Q::R::test()
Q::R (long): void Q::R::test()
Q::R (new): void Q::R::test()

All: void Q::R::testS()
Root (rec,new): void Q::R::testS()
WCard (rec,new): void Q::R::testS()
Q (rec,long): void Q::R::testS()
Q (rec,new): void Q::R::testS()
Q::R (long): void Q::R::testS()
Q::R (new): void Q::R::testS()

All: void Q::test()
Root (rec,new): void Q::test()
WCard (rec,new): void Q::test()
WCard (norec,new): void Q::test()
Q (long): void Q::test()
Q (norec,new): void Q::test()
Q (rec,long): void Q::test()
Q (rec,new): void Q::test()
