Function name="~Foo"
Function name="Foo"
Function name="Foo"
Function name="f"
Function name="g"
Function name="~RefToPtr"
Function name="RefToPtr"
Function name="RefToPtr"
Function name="f"
Function name="g"
Function name="~MyStaticContainer"
Function name="MyStaticContainer"
Function name="MyStaticContainer"
Function name="member_expressions"
  target_object_lid="2"
  target_object_lid="2"
  target_object_lid="3"
  target_object_lid="3"
  target_object_lid="0"
  target_object_lid="0"
  target_object_lid="4"
  target_object_lid="4"
  target_object_lid="5"
  target_object_lid="5"
  target_object_lid="0"
  target_object_lid="0"
  target_object_lid="6"
  target_object_lid="6"
  target_object_lid="7"
  target_object_lid="7"
  target_object_lid="0"
  target_object_lid="0"
  target_object_lid="7"
  target_object_lid="7"
  target_object_lid="8"
  target_object_lid="8"
  target_object_lid="0"
  target_object_lid="0"
  target_object_lid="9"
  target_object_lid="9"
  target_object_lid="7"
  target_object_lid="7"
  target_object_lid="10"
  target_object_lid="10"
  target_object_lid="0"
  target_object_lid="0"
  target_object_lid="11"
  target_object_lid="11"
Function name="for_loop_test"
  target_object_lid="2"
  target_object_lid="2"
  target_object_lid="5"
  target_object_lid="5"
  target_object_lid="2"
  target_object_lid="4"
Function name="do_while_loop_test"
  target_object_lid="2"
  target_object_lid="2"
  target_object_lid="4"
  target_object_lid="4"
  target_object_lid="2"
  target_object_lid="3"
Function name="while_loop_test"
  target_object_lid="2"
  target_object_lid="2"
  target_object_lid="2"
Function name="addr_op_test"
  target_object_lid="2"
  target_object_lid="2"
  target_object_lid="0"
  target_object_lid="0"
  target_object_lid="2"
  target_object_lid="2"
  target_object_lid="0"
  target_object_lid="2"
  target_object_lid="0"
  target_object_lid="0"
  target_object_lid="2"
  target_object_lid="0"
  target_object_lid="2"
Function name="ref_to_ptr_test"
  target_object_lid="2"
  target_object_lid="2"
  target_object_lid="2"
  target_object_lid="0"
  target_object_lid="2"
  target_object_lid="2"
  target_object_lid="0"
  target_object_lid="0"
Function name="nested_call_order"
  target_object_lid="0"
  target_object_lid="0"
  target_object_lid="0"
  target_object_lid="0"
Function name="conditional_operator"
  target_object_lid="2"
  target_object_lid="2"
  target_object_lid="0"
  target_object_lid="4"
Function name="compound_test"
  target_object_lid="2"
  target_object_lid="3"
  target_object_lid="4"
  target_object_lid="4"
  target_object_lid="4"
  target_object_lid="3"
  target_object_lid="3"
  target_object_lid="3"
Function name="increment_decrement_op"
  target_object_lid="2"
  target_object_lid="0"
  target_object_lid="3"
  target_object_lid="4"
  target_object_lid="0"
  target_object_lid="5"
  target_object_lid="0"
Function name="global_pointer"
  target_object_lid="2"
  target_object_lid="3"
  target_object_lid="0"
  target_object_lid="4"
  target_object_lid="0"
  target_object_lid="5"
  target_object_lid="6"
Function name="if_then_else_test"
  target_object_lid="2"
  target_object_lid="3"
  target_object_lid="5"
  target_object_lid="2"
  target_object_lid="3"
  target_object_lid="7"
  target_object_lid="8"
  target_object_lid="10"
